// Jest Snapshot v1, https://goo.gl/fbAQLP

exports[`should render header 1`] = `
<header>
  <h1>
    Expensify
  </h1>
  <NavLink
    activeClassName="is-active"
    ariaCurrent="true"
    exact={true}
    to="/"
  >
     Go to Dashboard 
  </NavLink>
  <NavLink
    activeClassName="is-active"
    ariaCurrent="true"
    to="/create"
  >
      add expense  
  </NavLink>
</header>
`;
